job started on scc-va2 at Fri Aug 14 17:03:17 EDT 2026
132 relevant articles already coded, target 150
relevance: submitted batch 1/1 (30 requests) -> msgbatch_011mfSrKMfHMzTnXkMNVKYk8
relevance: batch msgbatch_011mfSrKMfHMzTnXkMNVKYk8 ended (30 succeeded, 0 errored)
relevance: all 1 batch(es) ended
classify: submitted batch 1/1 (15 requests) -> msgbatch_01GuzcC8cxZvCkgNjdiKPPvQ
classify: batch msgbatch_01GuzcC8cxZvCkgNjdiKPPvQ ended (15 succeeded, 0 errored)
classify: all 1 batch(es) ended
negative-relationship: submitted batch 1/1 (4 requests) -> msgbatch_019dcvK8sfMM44Jo5qKS8uDA
negative-relationship: batch msgbatch_019dcvK8sfMM44Jo5qKS8uDA ended (4 succeeded, 0 errored)
negative-relationship: all 1 batch(es) ended
positive-relationship: submitted batch 1/1 (4 requests) -> msgbatch_0189CnBc9HpYPrUi5YG755Qw
positive-relationship: batch msgbatch_0189CnBc9HpYPrUi5YG755Qw ended (4 succeeded, 0 errored)
positive-relationship: all 1 batch(es) ended
client-education: submitted batch 1/1 (6 requests) -> msgbatch_01GGW4UxUXVTfQZkPfPPSxL3
client-education: batch msgbatch_01GGW4UxUXVTfQZkPfPPSxL3 ended (6 succeeded, 0 errored)
client-education: all 1 batch(es) ended
round done: +15 relevant, +15 irrelevant -> 147/150 coded
relevance: submitted batch 1/1 (30 requests) -> msgbatch_01Qx62M5PhdmmWZxd1DxEdz6
relevance: batch msgbatch_01Qx62M5PhdmmWZxd1DxEdz6 ended (30 succeeded, 0 errored)
relevance: all 1 batch(es) ended
classify: submitted batch 1/1 (16 requests) -> msgbatch_01PThJdubZq4Fb3tVAWa6rir
classify: batch msgbatch_01PThJdubZq4Fb3tVAWa6rir ended (16 succeeded, 0 errored)
classify: all 1 batch(es) ended
negative-relationship: submitted batch 1/1 (3 requests) -> msgbatch_01CLBe5uXNarm6Boah3kxrRF
negative-relationship: batch msgbatch_01CLBe5uXNarm6Boah3kxrRF ended (3 succeeded, 0 errored)
negative-relationship: all 1 batch(es) ended
positive-relationship: submitted batch 1/1 (3 requests) -> msgbatch_013Tkh4Eiphi4Jy4N4yS6AnT
positive-relationship: batch msgbatch_013Tkh4Eiphi4Jy4N4yS6AnT ended (3 succeeded, 0 errored)
positive-relationship: all 1 batch(es) ended
client-education: submitted batch 1/1 (8 requests) -> msgbatch_01FxdrLkrRLG2e1h8giD8diB
client-education: batch msgbatch_01FxdrLkrRLG2e1h8giD8diB ended (8 succeeded, 0 errored)
client-education: all 1 batch(es) ended
round done: +16 relevant, +14 irrelevant -> 163/150 coded
finished: 163 relevant articles coded, 167 excluded total, 184 entries in output
job finished at Fri Aug 14 17:20:16 EDT 2026
job started on scc-pe3 at Sat Aug 15 01:16:18 EDT 2026
96 unique articles with classified content already in output, target 150
relevance: submitted batch 1/1 (30 requests) -> msgbatch_01J4SPuwbJy2o4p5E2zeMy1s
relevance: batch msgbatch_01J4SPuwbJy2o4p5E2zeMy1s ended (30 succeeded, 0 errored)
relevance: all 1 batch(es) ended
classify: submitted batch 1/1 (17 requests) -> msgbatch_01KtSVXAqrgvu1Q6DaB9ZKot
classify: batch msgbatch_01KtSVXAqrgvu1Q6DaB9ZKot ended (17 succeeded, 0 errored)
classify: all 1 batch(es) ended
negative-relationship: submitted batch 1/1 (2 requests) -> msgbatch_017RFpajSnmn6KCjvuVHBVQq
negative-relationship: batch msgbatch_017RFpajSnmn6KCjvuVHBVQq ended (2 succeeded, 0 errored)
negative-relationship: all 1 batch(es) ended
positive-relationship: submitted batch 1/1 (2 requests) -> msgbatch_01BxKNxSvAdj18f7qQGn2QSZ
positive-relationship: batch msgbatch_01BxKNxSvAdj18f7qQGn2QSZ ended (2 succeeded, 0 errored)
positive-relationship: all 1 batch(es) ended
client-education: submitted batch 1/1 (4 requests) -> msgbatch_01ReyQhmeTfCqZuUxU2deJs9
client-education: batch msgbatch_01ReyQhmeTfCqZuUxU2deJs9 ended (4 succeeded, 0 errored)
client-education: all 1 batch(es) ended
round done: +17 relevant, +13 irrelevant, +9 unique articles coded -> 105/150 unique articles coded
relevance: submitted batch 1/1 (30 requests) -> msgbatch_013iK28epTiaHFa2FvDpqV6g
relevance: batch msgbatch_013iK28epTiaHFa2FvDpqV6g ended (30 succeeded, 0 errored)
relevance: all 1 batch(es) ended
classify: submitted batch 1/1 (12 requests) -> msgbatch_01NR6cSBBhG76qwD9ByXTr81
classify: batch msgbatch_01NR6cSBBhG76qwD9ByXTr81 ended (12 succeeded, 0 errored)
classify: all 1 batch(es) ended
negative-relationship: submitted batch 1/1 (7 requests) -> msgbatch_01XiKFdHtAesAaicDre39RSs
negative-relationship: batch msgbatch_01XiKFdHtAesAaicDre39RSs ended (7 succeeded, 0 errored)
negative-relationship: all 1 batch(es) ended
positive-relationship: submitted batch 1/1 (6 requests) -> msgbatch_01QWANdW2Z5QnqNct2ADf86w
positive-relationship: batch msgbatch_01QWANdW2Z5QnqNct2ADf86w ended (6 succeeded, 0 errored)
positive-relationship: all 1 batch(es) ended
client-education: submitted batch 1/1 (11 requests) -> msgbatch_012R57VRe9PVmsfeJjGTrq1V
client-education: batch msgbatch_012R57VRe9PVmsfeJjGTrq1V ended (11 succeeded, 0 errored)
client-education: all 1 batch(es) ended
round done: +12 relevant, +18 irrelevant, +8 unique articles coded -> 113/150 unique articles coded
relevance: submitted batch 1/1 (30 requests) -> msgbatch_013LDY1H71wwFjgZheKDg8ho
relevance: batch msgbatch_013LDY1H71wwFjgZheKDg8ho ended (30 succeeded, 0 errored)
relevance: all 1 batch(es) ended
classify: submitted batch 1/1 (14 requests) -> msgbatch_01N3QN3HhGNHvQwywiwop92t
classify: batch msgbatch_01N3QN3HhGNHvQwywiwop92t ended (14 succeeded, 0 errored)
classify: all 1 batch(es) ended
negative-relationship: submitted batch 1/1 (7 requests) -> msgbatch_01MvTpihCMBxAXWwXeNcRjbd
negative-relationship: batch msgbatch_01MvTpihCMBxAXWwXeNcRjbd ended (7 succeeded, 0 errored)
negative-relationship: all 1 batch(es) ended
positive-relationship: submitted batch 1/1 (7 requests) -> msgbatch_0165VWB4xq1kP7P1p2pdb5eb
positive-relationship: batch msgbatch_0165VWB4xq1kP7P1p2pdb5eb ended (7 succeeded, 0 errored)
positive-relationship: all 1 batch(es) ended
client-education: submitted batch 1/1 (12 requests) -> msgbatch_01X47jBxkngFCk2AC8ikZbpN
client-education: batch msgbatch_01X47jBxkngFCk2AC8ikZbpN ended (12 succeeded, 0 errored)
client-education: all 1 batch(es) ended
round done: +14 relevant, +16 irrelevant, +9 unique articles coded -> 122/150 unique articles coded
relevance: submitted batch 1/1 (30 requests) -> msgbatch_01HrpBrFfb81iKikX8iKBrVf
relevance: batch msgbatch_01HrpBrFfb81iKikX8iKBrVf ended (30 succeeded, 0 errored)
relevance: all 1 batch(es) ended
classify: submitted batch 1/1 (16 requests) -> msgbatch_01RJocLPTEFmUUupGWExtjC9
classify: batch msgbatch_01RJocLPTEFmUUupGWExtjC9 ended (16 succeeded, 0 errored)
classify: all 1 batch(es) ended
negative-relationship: submitted batch 1/1 (8 requests) -> msgbatch_01AMNZx4g1wtY6HPhSyvVEP5
negative-relationship: batch msgbatch_01AMNZx4g1wtY6HPhSyvVEP5 ended (8 succeeded, 0 errored)
negative-relationship: all 1 batch(es) ended
positive-relationship: submitted batch 1/1 (8 requests) -> msgbatch_01LhNmdfMAL8ujixFfntvQiv
positive-relationship: batch msgbatch_01LhNmdfMAL8ujixFfntvQiv ended (8 succeeded, 0 errored)
positive-relationship: all 1 batch(es) ended
client-education: submitted batch 1/1 (13 requests) -> msgbatch_016R7UjL4qjJLFRnBxS3X3u2
client-education: batch msgbatch_016R7UjL4qjJLFRnBxS3X3u2 ended (13 succeeded, 0 errored)
client-education: all 1 batch(es) ended
round done: +16 relevant, +14 irrelevant, +9 unique articles coded -> 131/150 unique articles coded
relevance: submitted batch 1/1 (30 requests) -> msgbatch_01HPwqJTEGJbZ3ouPFFVQmEH
relevance: batch msgbatch_01HPwqJTEGJbZ3ouPFFVQmEH ended (30 succeeded, 0 errored)
relevance: all 1 batch(es) ended
classify: submitted batch 1/1 (14 requests) -> msgbatch_01FsAHyqVx6USfMjvLSiYFuc
classify: batch msgbatch_01FsAHyqVx6USfMjvLSiYFuc ended (14 succeeded, 0 errored)
classify: all 1 batch(es) ended
negative-relationship: submitted batch 1/1 (10 requests) -> msgbatch_01PAbk4MD1b1J4JJRLjPcM8x
negative-relationship: batch msgbatch_01PAbk4MD1b1J4JJRLjPcM8x ended (10 succeeded, 0 errored)
negative-relationship: all 1 batch(es) ended
positive-relationship: submitted batch 1/1 (9 requests) -> msgbatch_01EhkHNo9M4VzjeZmmrvgn7x
positive-relationship: batch msgbatch_01EhkHNo9M4VzjeZmmrvgn7x ended (9 succeeded, 0 errored)
positive-relationship: all 1 batch(es) ended
client-education: submitted batch 1/1 (18 requests) -> msgbatch_01B9DRqdUEjSQQtBPaa3ajj3
client-education: batch msgbatch_01B9DRqdUEjSQQtBPaa3ajj3 ended (18 succeeded, 0 errored)
client-education: all 1 batch(es) ended
round done: +14 relevant, +16 irrelevant, +11 unique articles coded -> 142/150 unique articles coded
relevance: submitted batch 1/1 (30 requests) -> msgbatch_01MCQZ3a9JNyJRsDU4t4y6hh
relevance: batch msgbatch_01MCQZ3a9JNyJRsDU4t4y6hh ended (30 succeeded, 0 errored)
relevance: all 1 batch(es) ended
classify: submitted batch 1/1 (13 requests) -> msgbatch_018DV6uRUkpUeu7G7HFHAJQk
classify: batch msgbatch_018DV6uRUkpUeu7G7HFHAJQk ended (13 succeeded, 0 errored)
classify: all 1 batch(es) ended
  WARNING: skipping malformed entry from 2017-03-17_Vol280_No11.pdf|Protecting Agencies From E&O Exposures in the Digital World: {'topic': 'technology/automation', 'framing': 'agent-oriented', 'relevant_text': 'While advances in technology and communication present opportunities for independent insurance agents to conduct business with insureds and insurance carriers, they also expose insurance professionals to a host of new errors and omissions (E&O) claims. Agents and their employees need to have clear policies and procedures in place to guard against these new exposures. Few would argue that technology has forever changed the way insurance agents do business. Insurance agencies are using various kinds of social media — Facebook, Twitter, YouTube, Google+ and LinkedIn just to name a few. Using social media is an important way to stay relevant in the minds of insurance customers, but it is not without drawbacks.', 'framing_reason': "The passage centers the agent's business risk and liability exposure created by new digital platforms, framing technology adoption as a professional hazard requiring internal policy management rather than a client benefit.", 'other_theme': None}
  WARNING: skipping malformed entry from 2017-03-17_Vol280_No11.pdf|Protecting Agencies From E&O Exposures in the Digital World: {'topic': 'agent-client relationship (neutral)', 'framing': 'mixed', 'relevant_text': "What if a policyholder reports a claim via social media? Many clients don't understand that it's not a private communication between them and the agency. What if an insured requests a policy change via social media or if a producer offers advice on a social media platform? Insurance agents and agency staff need to know how to respond and to deal with these situations. Social media sites need to be monitored on a consistent basis. Although, admittedly, insurance agents have very little control over what their insureds decide to do, it is necessary to communicate the agency's social media guidelines to them. Tell them not to request policy changes, reveal personal information or report a claim via social media and that a policy cannot be bound or canceled via social media either.", 'framing_reason': 'The passage captures a routine but structurally shifting professional dynamic where digital communication channels are creating procedural ambiguity and misunderstanding between agents and clients, without evident warmth or adversarial tension.', 'other_theme': None}
negative-relationship: submitted batch 1/1 (3 requests) -> msgbatch_019NDQ8LbThrd4sJKw1zEPSr
negative-relationship: batch msgbatch_019NDQ8LbThrd4sJKw1zEPSr ended (3 succeeded, 0 errored)
negative-relationship: all 1 batch(es) ended
positive-relationship: submitted batch 1/1 (3 requests) -> msgbatch_013RZja7n8zZeSmgRUi4xnXf
positive-relationship: batch msgbatch_013RZja7n8zZeSmgRUi4xnXf ended (3 succeeded, 0 errored)
positive-relationship: all 1 batch(es) ended
client-education: submitted batch 1/1 (9 requests) -> msgbatch_01NsrHz3bTx8nnxngKFC9YST
client-education: batch msgbatch_01NsrHz3bTx8nnxngKFC9YST ended (9 succeeded, 0 errored)
client-education: all 1 batch(es) ended
round done: +13 relevant, +17 irrelevant, +6 unique articles coded -> 148/150 unique articles coded
relevance: submitted batch 1/1 (30 requests) -> msgbatch_01AdidfCfYoBVn4A95botAd6
relevance: batch msgbatch_01AdidfCfYoBVn4A95botAd6 ended (30 succeeded, 0 errored)
relevance: all 1 batch(es) ended
classify: submitted batch 1/1 (16 requests) -> msgbatch_01D7AjsVfs8hpU9TtaUFCPpP
classify: batch msgbatch_01D7AjsVfs8hpU9TtaUFCPpP ended (16 succeeded, 0 errored)
classify: all 1 batch(es) ended
negative-relationship: submitted batch 1/1 (7 requests) -> msgbatch_014KZrJxtyDqkTfpC9PDAYuB
negative-relationship: batch msgbatch_014KZrJxtyDqkTfpC9PDAYuB ended (7 succeeded, 0 errored)
negative-relationship: all 1 batch(es) ended
positive-relationship: submitted batch 1/1 (6 requests) -> msgbatch_0147Rd4qzTqDzJCQ5kFAxp4x
positive-relationship: batch msgbatch_0147Rd4qzTqDzJCQ5kFAxp4x ended (6 succeeded, 0 errored)
positive-relationship: all 1 batch(es) ended
client-education: submitted batch 1/1 (16 requests) -> msgbatch_01DRaCK6Gm7MCm1Fb1nK3sLT
client-education: batch msgbatch_01DRaCK6Gm7MCm1Fb1nK3sLT ended (16 succeeded, 0 errored)
client-education: all 1 batch(es) ended
round done: +16 relevant, +14 irrelevant, +12 unique articles coded -> 160/150 unique articles coded
finished: 160 unique articles coded, 265 passed relevance in total, 275 excluded total, 314 entries in output
job finished at Sat Aug 15 02:17:49 EDT 2026
